INFO - 2025-02-11 00:09:44 --> Session: Class initialized using 'CodeIgniter\Session\Handlers\FileHandler' driver.
ERROR - 2025-02-11 00:09:58 --> mysqli_sql_exception: Table 'website_sims.penilaian' doesn't exist in D:\xampp\htdocs\sims4\WEBSIMS\system\Database\MySQLi\Connection.php:295
Stack trace:
#0 D:\xampp\htdocs\sims4\WEBSIMS\system\Database\MySQLi\Connection.php(295): mysqli->query('SELECT `penilai...', 0)
#1 D:\xampp\htdocs\sims4\WEBSIMS\system\Database\BaseConnection.php(691): CodeIgniter\Database\MySQLi\Connection->execute('SELECT `penilai...')
#2 D:\xampp\htdocs\sims4\WEBSIMS\system\Database\BaseConnection.php(605): CodeIgniter\Database\BaseConnection->simpleQuery('SELECT `penilai...')
#3 D:\xampp\htdocs\sims4\WEBSIMS\system\Database\BaseBuilder.php(1616): CodeIgniter\Database\BaseConnection->query('SELECT `penilai...', Array, false)
#4 D:\xampp\htdocs\sims4\WEBSIMS\system\Model.php(241): CodeIgniter\Database\BaseBuilder->get()
#5 D:\xampp\htdocs\sims4\WEBSIMS\system\BaseModel.php(618): CodeIgniter\Model->doFindAll(0, 0)
#6 D:\xampp\htdocs\sims4\WEBSIMS\app\Models\PenilaianModel.php(19): CodeIgniter\BaseModel->findAll()
#7 D:\xampp\htdocs\sims4\WEBSIMS\app\Controllers\PendaftaranAnggota.php(415): App\Models\PenilaianModel->getAllPenilaian()
#8 D:\xampp\htdocs\sims4\WEBSIMS\system\CodeIgniter.php(934): App\Controllers\PendaftaranAnggota->nilaiList()
#9 D:\xampp\htdocs\sims4\WEBSIMS\system\CodeIgniter.php(499): CodeIgniter\CodeIgniter->runController(Object(App\Controllers\PendaftaranAnggota))
#10 D:\xampp\htdocs\sims4\WEBSIMS\system\CodeIgniter.php(368): CodeIgniter\CodeIgniter->handleRequest(NULL, Object(Config\Cache), false)
#11 D:\xampp\htdocs\sims4\WEBSIMS\public\index.php(67): CodeIgniter\CodeIgniter->run()
#12 D:\xampp\htdocs\sims4\WEBSIMS\system\Commands\Server\rewrite.php(47): require_once('D:\\xampp\\htdocs...')
#13 {main}
CRITICAL - 2025-02-11 00:09:58 --> Table 'website_sims.penilaian' doesn't exist
in SYSTEMPATH\Database\MySQLi\Connection.php on line 295.
 1 SYSTEMPATH\Database\MySQLi\Connection.php(295): mysqli->query('SELECT `penilaian`.*, `pendaftaran_anggota`.`package_name`, `user`.`fullname`
FROM `penilaian`
JOIN `pendaftaran_anggota` ON `pendaftaran_anggota`.`id` = `penilaian`.`pendaftaran_id`
LEFT JOIN `user` ON `user`.`email` = `pendaftaran_anggota`.`email`
ORDER BY `penilaian`.`created_at` DESC', 0)
 2 SYSTEMPATH\Database\BaseConnection.php(691): CodeIgniter\Database\MySQLi\Connection->execute('SELECT `penilaian`.*, `pendaftaran_anggota`.`package_name`, `user`.`fullname`
FROM `penilaian`
JOIN `pendaftaran_anggota` ON `pendaftaran_anggota`.`id` = `penilaian`.`pendaftaran_id`
LEFT JOIN `user` ON `user`.`email` = `pendaftaran_anggota`.`email`
ORDER BY `penilaian`.`created_at` DESC')
 3 SYSTEMPATH\Database\BaseConnection.php(605): CodeIgniter\Database\BaseConnection->simpleQuery('SELECT `penilaian`.*, `pendaftaran_anggota`.`package_name`, `user`.`fullname`
FROM `penilaian`
JOIN `pendaftaran_anggota` ON `pendaftaran_anggota`.`id` = `penilaian`.`pendaftaran_id`
LEFT JOIN `user` ON `user`.`email` = `pendaftaran_anggota`.`email`
ORDER BY `penilaian`.`created_at` DESC')
 4 SYSTEMPATH\Database\BaseBuilder.php(1616): CodeIgniter\Database\BaseConnection->query('SELECT `penilaian`.*, `pendaftaran_anggota`.`package_name`, `user`.`fullname`
FROM `penilaian`
JOIN `pendaftaran_anggota` ON `pendaftaran_anggota`.`id` = `penilaian`.`pendaftaran_id`
LEFT JOIN `user` ON `user`.`email` = `pendaftaran_anggota`.`email`
ORDER BY `penilaian`.`created_at` DESC', [], false)
 5 SYSTEMPATH\Model.php(241): CodeIgniter\Database\BaseBuilder->get()
 6 SYSTEMPATH\BaseModel.php(618): CodeIgniter\Model->doFindAll(0, 0)
 7 APPPATH\Models\PenilaianModel.php(19): CodeIgniter\BaseModel->findAll()
 8 APPPATH\Controllers\PendaftaranAnggota.php(415): App\Models\PenilaianModel->getAllPenilaian()
 9 SYSTEMPATH\CodeIgniter.php(934): App\Controllers\PendaftaranAnggota->nilaiList()
10 SYSTEMPATH\CodeIgniter.php(499): CodeIgniter\CodeIgniter->runController(Object(App\Controllers\PendaftaranAnggota))
11 SYSTEMPATH\CodeIgniter.php(368): CodeIgniter\CodeIgniter->handleRequest(null, Object(Config\Cache), false)
12 FCPATH\index.php(67): CodeIgniter\CodeIgniter->run()
13 SYSTEMPATH\Commands\Server\rewrite.php(47): require_once('D:\\xampp\\htdocs\\sims4\\WEBSIMS\\public\\index.php')
ERROR - 2025-02-11 00:13:21 --> mysqli_sql_exception: Table 'website_sims.penilaian' doesn't exist in D:\xampp\htdocs\sims4\WEBSIMS\system\Database\MySQLi\Connection.php:295
Stack trace:
#0 D:\xampp\htdocs\sims4\WEBSIMS\system\Database\MySQLi\Connection.php(295): mysqli->query('SELECT `penilai...', 0)
#1 D:\xampp\htdocs\sims4\WEBSIMS\system\Database\BaseConnection.php(691): CodeIgniter\Database\MySQLi\Connection->execute('SELECT `penilai...')
#2 D:\xampp\htdocs\sims4\WEBSIMS\system\Database\BaseConnection.php(605): CodeIgniter\Database\BaseConnection->simpleQuery('SELECT `penilai...')
#3 D:\xampp\htdocs\sims4\WEBSIMS\system\Database\BaseBuilder.php(1616): CodeIgniter\Database\BaseConnection->query('SELECT `penilai...', Array, false)
#4 D:\xampp\htdocs\sims4\WEBSIMS\system\Model.php(241): CodeIgniter\Database\BaseBuilder->get()
#5 D:\xampp\htdocs\sims4\WEBSIMS\system\BaseModel.php(618): CodeIgniter\Model->doFindAll(0, 0)
#6 D:\xampp\htdocs\sims4\WEBSIMS\app\Models\PenilaianModel.php(19): CodeIgniter\BaseModel->findAll()
#7 D:\xampp\htdocs\sims4\WEBSIMS\app\Controllers\PendaftaranAnggota.php(415): App\Models\PenilaianModel->getAllPenilaian()
#8 D:\xampp\htdocs\sims4\WEBSIMS\system\CodeIgniter.php(934): App\Controllers\PendaftaranAnggota->nilaiList()
#9 D:\xampp\htdocs\sims4\WEBSIMS\system\CodeIgniter.php(499): CodeIgniter\CodeIgniter->runController(Object(App\Controllers\PendaftaranAnggota))
#10 D:\xampp\htdocs\sims4\WEBSIMS\system\CodeIgniter.php(368): CodeIgniter\CodeIgniter->handleRequest(NULL, Object(Config\Cache), false)
#11 D:\xampp\htdocs\sims4\WEBSIMS\public\index.php(67): CodeIgniter\CodeIgniter->run()
#12 D:\xampp\htdocs\sims4\WEBSIMS\system\Commands\Server\rewrite.php(47): require_once('D:\\xampp\\htdocs...')
#13 {main}
CRITICAL - 2025-02-11 00:13:21 --> Table 'website_sims.penilaian' doesn't exist
in SYSTEMPATH\Database\MySQLi\Connection.php on line 295.
 1 SYSTEMPATH\Database\MySQLi\Connection.php(295): mysqli->query('SELECT `penilaian`.*, `pendaftaran_anggota`.`package_name`, `user`.`fullname`
FROM `penilaian`
JOIN `pendaftaran_anggota` ON `pendaftaran_anggota`.`id` = `penilaian`.`pendaftaran_id`
LEFT JOIN `user` ON `user`.`email` = `pendaftaran_anggota`.`email`
ORDER BY `penilaian`.`created_at` DESC', 0)
 2 SYSTEMPATH\Database\BaseConnection.php(691): CodeIgniter\Database\MySQLi\Connection->execute('SELECT `penilaian`.*, `pendaftaran_anggota`.`package_name`, `user`.`fullname`
FROM `penilaian`
JOIN `pendaftaran_anggota` ON `pendaftaran_anggota`.`id` = `penilaian`.`pendaftaran_id`
LEFT JOIN `user` ON `user`.`email` = `pendaftaran_anggota`.`email`
ORDER BY `penilaian`.`created_at` DESC')
 3 SYSTEMPATH\Database\BaseConnection.php(605): CodeIgniter\Database\BaseConnection->simpleQuery('SELECT `penilaian`.*, `pendaftaran_anggota`.`package_name`, `user`.`fullname`
FROM `penilaian`
JOIN `pendaftaran_anggota` ON `pendaftaran_anggota`.`id` = `penilaian`.`pendaftaran_id`
LEFT JOIN `user` ON `user`.`email` = `pendaftaran_anggota`.`email`
ORDER BY `penilaian`.`created_at` DESC')
 4 SYSTEMPATH\Database\BaseBuilder.php(1616): CodeIgniter\Database\BaseConnection->query('SELECT `penilaian`.*, `pendaftaran_anggota`.`package_name`, `user`.`fullname`
FROM `penilaian`
JOIN `pendaftaran_anggota` ON `pendaftaran_anggota`.`id` = `penilaian`.`pendaftaran_id`
LEFT JOIN `user` ON `user`.`email` = `pendaftaran_anggota`.`email`
ORDER BY `penilaian`.`created_at` DESC', [], false)
 5 SYSTEMPATH\Model.php(241): CodeIgniter\Database\BaseBuilder->get()
 6 SYSTEMPATH\BaseModel.php(618): CodeIgniter\Model->doFindAll(0, 0)
 7 APPPATH\Models\PenilaianModel.php(19): CodeIgniter\BaseModel->findAll()
 8 APPPATH\Controllers\PendaftaranAnggota.php(415): App\Models\PenilaianModel->getAllPenilaian()
 9 SYSTEMPATH\CodeIgniter.php(934): App\Controllers\PendaftaranAnggota->nilaiList()
10 SYSTEMPATH\CodeIgniter.php(499): CodeIgniter\CodeIgniter->runController(Object(App\Controllers\PendaftaranAnggota))
11 SYSTEMPATH\CodeIgniter.php(368): CodeIgniter\CodeIgniter->handleRequest(null, Object(Config\Cache), false)
12 FCPATH\index.php(67): CodeIgniter\CodeIgniter->run()
13 SYSTEMPATH\Commands\Server\rewrite.php(47): require_once('D:\\xampp\\htdocs\\sims4\\WEBSIMS\\public\\index.php')
INFO - 2025-02-11 00:36:36 --> Session: Class initialized using 'CodeIgniter\Session\Handlers\FileHandler' driver.
INFO - 2025-02-11 00:36:49 --> Session: Class initialized using 'CodeIgniter\Session\Handlers\FileHandler' driver.
INFO - 2025-02-11 00:37:24 --> Session: Class initialized using 'CodeIgniter\Session\Handlers\FileHandler' driver.
INFO - 2025-02-11 00:37:32 --> Session: Class initialized using 'CodeIgniter\Session\Handlers\FileHandler' driver.
INFO - 2025-02-11 04:07:09 --> Session: Class initialized using 'CodeIgniter\Session\Handlers\FileHandler' driver.
INFO - 2025-02-11 04:39:05 --> Session: Class initialized using 'CodeIgniter\Session\Handlers\FileHandler' driver.
INFO - 2025-02-11 05:46:56 --> Session: Class initialized using 'CodeIgniter\Session\Handlers\FileHandler' driver.
ERROR - 2025-02-11 05:47:04 --> mysqli_sql_exception: Table 'website_sims.penilaian' doesn't exist in D:\xampp\htdocs\sims4\WEBSIMS\system\Database\MySQLi\Connection.php:295
Stack trace:
#0 D:\xampp\htdocs\sims4\WEBSIMS\system\Database\MySQLi\Connection.php(295): mysqli->query('SELECT `penilai...', 0)
#1 D:\xampp\htdocs\sims4\WEBSIMS\system\Database\BaseConnection.php(691): CodeIgniter\Database\MySQLi\Connection->execute('SELECT `penilai...')
#2 D:\xampp\htdocs\sims4\WEBSIMS\system\Database\BaseConnection.php(605): CodeIgniter\Database\BaseConnection->simpleQuery('SELECT `penilai...')
#3 D:\xampp\htdocs\sims4\WEBSIMS\system\Database\BaseBuilder.php(1616): CodeIgniter\Database\BaseConnection->query('SELECT `penilai...', Array, false)
#4 D:\xampp\htdocs\sims4\WEBSIMS\system\Model.php(241): CodeIgniter\Database\BaseBuilder->get()
#5 D:\xampp\htdocs\sims4\WEBSIMS\system\BaseModel.php(618): CodeIgniter\Model->doFindAll(0, 0)
#6 D:\xampp\htdocs\sims4\WEBSIMS\app\Models\PenilaianModel.php(19): CodeIgniter\BaseModel->findAll()
#7 D:\xampp\htdocs\sims4\WEBSIMS\app\Controllers\PendaftaranAnggota.php(417): App\Models\PenilaianModel->getAllPenilaian()
#8 D:\xampp\htdocs\sims4\WEBSIMS\system\CodeIgniter.php(934): App\Controllers\PendaftaranAnggota->nilaiList()
#9 D:\xampp\htdocs\sims4\WEBSIMS\system\CodeIgniter.php(499): CodeIgniter\CodeIgniter->runController(Object(App\Controllers\PendaftaranAnggota))
#10 D:\xampp\htdocs\sims4\WEBSIMS\system\CodeIgniter.php(368): CodeIgniter\CodeIgniter->handleRequest(NULL, Object(Config\Cache), false)
#11 D:\xampp\htdocs\sims4\WEBSIMS\public\index.php(67): CodeIgniter\CodeIgniter->run()
#12 D:\xampp\htdocs\sims4\WEBSIMS\system\Commands\Server\rewrite.php(47): require_once('D:\\xampp\\htdocs...')
#13 {main}
CRITICAL - 2025-02-11 05:47:04 --> Table 'website_sims.penilaian' doesn't exist
in SYSTEMPATH\Database\MySQLi\Connection.php on line 295.
 1 SYSTEMPATH\Database\MySQLi\Connection.php(295): mysqli->query('SELECT `penilaian`.*, `pendaftaran_anggota`.`package_name`, `user`.`fullname`
FROM `penilaian`
JOIN `pendaftaran_anggota` ON `pendaftaran_anggota`.`id` = `penilaian`.`pendaftaran_id`
LEFT JOIN `user` ON `user`.`email` = `pendaftaran_anggota`.`email`
ORDER BY `penilaian`.`created_at` DESC', 0)
 2 SYSTEMPATH\Database\BaseConnection.php(691): CodeIgniter\Database\MySQLi\Connection->execute('SELECT `penilaian`.*, `pendaftaran_anggota`.`package_name`, `user`.`fullname`
FROM `penilaian`
JOIN `pendaftaran_anggota` ON `pendaftaran_anggota`.`id` = `penilaian`.`pendaftaran_id`
LEFT JOIN `user` ON `user`.`email` = `pendaftaran_anggota`.`email`
ORDER BY `penilaian`.`created_at` DESC')
 3 SYSTEMPATH\Database\BaseConnection.php(605): CodeIgniter\Database\BaseConnection->simpleQuery('SELECT `penilaian`.*, `pendaftaran_anggota`.`package_name`, `user`.`fullname`
FROM `penilaian`
JOIN `pendaftaran_anggota` ON `pendaftaran_anggota`.`id` = `penilaian`.`pendaftaran_id`
LEFT JOIN `user` ON `user`.`email` = `pendaftaran_anggota`.`email`
ORDER BY `penilaian`.`created_at` DESC')
 4 SYSTEMPATH\Database\BaseBuilder.php(1616): CodeIgniter\Database\BaseConnection->query('SELECT `penilaian`.*, `pendaftaran_anggota`.`package_name`, `user`.`fullname`
FROM `penilaian`
JOIN `pendaftaran_anggota` ON `pendaftaran_anggota`.`id` = `penilaian`.`pendaftaran_id`
LEFT JOIN `user` ON `user`.`email` = `pendaftaran_anggota`.`email`
ORDER BY `penilaian`.`created_at` DESC', [], false)
 5 SYSTEMPATH\Model.php(241): CodeIgniter\Database\BaseBuilder->get()
 6 SYSTEMPATH\BaseModel.php(618): CodeIgniter\Model->doFindAll(0, 0)
 7 APPPATH\Models\PenilaianModel.php(19): CodeIgniter\BaseModel->findAll()
 8 APPPATH\Controllers\PendaftaranAnggota.php(417): App\Models\PenilaianModel->getAllPenilaian()
 9 SYSTEMPATH\CodeIgniter.php(934): App\Controllers\PendaftaranAnggota->nilaiList()
10 SYSTEMPATH\CodeIgniter.php(499): CodeIgniter\CodeIgniter->runController(Object(App\Controllers\PendaftaranAnggota))
11 SYSTEMPATH\CodeIgniter.php(368): CodeIgniter\CodeIgniter->handleRequest(null, Object(Config\Cache), false)
12 FCPATH\index.php(67): CodeIgniter\CodeIgniter->run()
13 SYSTEMPATH\Commands\Server\rewrite.php(47): require_once('D:\\xampp\\htdocs\\sims4\\WEBSIMS\\public\\index.php')
INFO - 2025-02-11 05:50:32 --> Session: Class initialized using 'CodeIgniter\Session\Handlers\FileHandler' driver.
INFO - 2025-02-11 05:50:47 --> Session: Class initialized using 'CodeIgniter\Session\Handlers\FileHandler' driver.
INFO - 2025-02-11 05:51:00 --> Session: Class initialized using 'CodeIgniter\Session\Handlers\FileHandler' driver.
INFO - 2025-02-11 05:51:16 --> Session: Class initialized using 'CodeIgniter\Session\Handlers\FileHandler' driver.
INFO - 2025-02-11 05:51:48 --> Session: Class initialized using 'CodeIgniter\Session\Handlers\FileHandler' driver.
INFO - 2025-02-11 05:51:48 --> Session: Class initialized using 'CodeIgniter\Session\Handlers\FileHandler' driver.
INFO - 2025-02-11 05:52:05 --> Session: Class initialized using 'CodeIgniter\Session\Handlers\FileHandler' driver.
INFO - 2025-02-11 05:52:05 --> Session: Class initialized using 'CodeIgniter\Session\Handlers\FileHandler' driver.
INFO - 2025-02-11 05:52:09 --> Session: Class initialized using 'CodeIgniter\Session\Handlers\FileHandler' driver.
INFO - 2025-02-11 05:52:19 --> Session: Class initialized using 'CodeIgniter\Session\Handlers\FileHandler' driver.
INFO - 2025-02-11 05:52:24 --> Session: Class initialized using 'CodeIgniter\Session\Handlers\FileHandler' driver.
INFO - 2025-02-11 05:52:24 --> Session: Class initialized using 'CodeIgniter\Session\Handlers\FileHandler' driver.
INFO - 2025-02-11 05:52:25 --> Session: Class initialized using 'CodeIgniter\Session\Handlers\FileHandler' driver.
INFO - 2025-02-11 05:52:54 --> Payment Method: transfer
INFO - 2025-02-11 05:52:54 --> Session: Class initialized using 'CodeIgniter\Session\Handlers\FileHandler' driver.
INFO - 2025-02-11 05:52:55 --> Session: Class initialized using 'CodeIgniter\Session\Handlers\FileHandler' driver.
INFO - 2025-02-11 05:53:05 --> Session: Class initialized using 'CodeIgniter\Session\Handlers\FileHandler' driver.
INFO - 2025-02-11 05:53:06 --> Session: Class initialized using 'CodeIgniter\Session\Handlers\FileHandler' driver.
INFO - 2025-02-11 05:53:15 --> Session: Class initialized using 'CodeIgniter\Session\Handlers\FileHandler' driver.
INFO - 2025-02-11 05:53:18 --> Session: Class initialized using 'CodeIgniter\Session\Handlers\FileHandler' driver.
INFO - 2025-02-11 05:53:34 --> Session: Class initialized using 'CodeIgniter\Session\Handlers\FileHandler' driver.
INFO - 2025-02-11 05:53:47 --> Session: Class initialized using 'CodeIgniter\Session\Handlers\FileHandler' driver.
INFO - 2025-02-11 05:53:51 --> Session: Class initialized using 'CodeIgniter\Session\Handlers\FileHandler' driver.
INFO - 2025-02-11 05:53:54 --> Session: Class initialized using 'CodeIgniter\Session\Handlers\FileHandler' driver.
INFO - 2025-02-11 05:59:09 --> Session: Class initialized using 'CodeIgniter\Session\Handlers\FileHandler' driver.
INFO - 2025-02-11 05:59:10 --> Session: Class initialized using 'CodeIgniter\Session\Handlers\FileHandler' driver.
INFO - 2025-02-11 05:59:23 --> Session: Class initialized using 'CodeIgniter\Session\Handlers\FileHandler' driver.
